Connected.  IMEI=300258060609970  HW=0x0601  FW=v1.5.14
Watching for signal changes and inbound MTs. Press Ctrl+C to stop.

[22:05:13Z] SIG ███░░ 3/5  level=    0  constellation: visible
[22:05:15Z] SIG ██░░░ 2/5  level= -113  constellation: visible
[22:05:19Z] SIG ██░░░ 2/5  level= -115  constellation: visible
[22:05:23Z] SIG ░░░░░ 0/5  level= -119  constellation: visible
[22:05:24Z] SIG ░░░░░ 0/5  level= -120  constellation: visible
[22:05:27Z] SIG ░░░░░ 0/5  level= -121  constellation: visible
[22:05:28Z] SIG █████ 5/5  level= -107  constellation: visible
[22:05:31Z] SIG ████░ 4/5  level= -109  constellation: visible
[22:05:35Z] SIG ████░ 4/5  level= -106  constellation: visible
[22:05:36Z] SIG ███░░ 3/5  level= -106  constellation: visible
[22:05:40Z] SIG █████ 5/5  level= -107  constellation: visible
[22:05:44Z] SIG ████░ 4/5  level= -110  constellation: visible
[22:05:49Z] SIG ███░░ 3/5  level= -112  constellation: visible
[22:05:53Z] SIG ████░ 4/5  level= -111  constellation: visible
[22:05:57Z] SIG ██░░░ 2/5  level= -115  constellation: visible
[22:05:58Z] SIG █░░░░ 1/5  level= -117  constellation: visible
[22:06:02Z] SIG ██░░░ 2/5  level= -114  constellation: visible
[22:06:06Z] SIG ██░░░ 2/5  level= -113  constellation: visible
[22:06:10Z] SIG █░░░░ 1/5  level= -116  constellation: visible
[22:06:15Z] SIG ░░░░░ 0/5  level= -118  constellation: visible
[22:06:23Z] SIG ░░░░░ 0/5  level= -122  constellation: visible
[22:06:26Z] SIG ░░░░░ 0/5  level= -120  constellation: visible
[22:06:28Z] SIG ░░░░░ 0/5  level= -122  constellation: visible
[22:06:32Z] SIG ░░░░░ 0/5  level= -125  constellation: visible
[22:06:34Z] SIG ░░░░░ 0/5  level= -120  constellation: visible
[22:06:43Z] SIG ░░░░░ 0/5  level= -125  constellation: visible
[22:06:44Z] SIG ██░░░ 2/5  level= -115  constellation: visible
[22:06:48Z] SIG █████ 5/5  level= -106  constellation: visible
[22:06:51Z] SIG ████░ 4/5  level= -107  constellation: visible
[22:06:56Z] SIG ███░░ 3/5  level= -111  constellation: visible
[22:07:00Z] SIG ██░░░ 2/5  level= -115  constellation: visible
[22:07:05Z] SIG █░░░░ 1/5  level= -115  constellation: visible
[22:07:09Z] SIG ░░░░░ 0/5  level= -117  constellation: visible
[22:07:13Z] SIG ██░░░ 2/5  level= -114  constellation: visible
[22:07:18Z] SIG ███░░ 3/5  level= -113  constellation: visible
[22:07:19Z] SIG ███░░ 3/5  level= -114  constellation: visible
[22:07:26Z] SIG ██░░░ 2/5  level= -115  constellation: visible
[22:07:31Z] SIG ██░░░ 2/5  level= -114  constellation: visible
[22:07:35Z] SIG ██░░░ 2/5  level= -115  constellation: visible
[22:07:39Z] SIG ██░░░ 2/5  level= -108  constellation: visible
[22:07:44Z] SIG ██░░░ 2/5  level= -111  constellation: visible
[22:07:48Z] SIG █░░░░ 1/5  level= -115  constellation: visible
[22:07:52Z] SIG █░░░░ 1/5  level= -111  constellation: visible
[22:07:53Z] SIG ████░ 4/5  level= -111  constellation: visible
[22:07:57Z] SIG ███░░ 3/5  level= -113  constellation: visible
[22:08:01Z] SIG ██░░░ 2/5  level= -114  constellation: visible
[22:08:06Z] SIG ░░░░░ 0/5  level= -118  constellation: visible
[22:08:07Z] SIG ░░░░░ 0/5  level= -120  constellation: visible
[22:08:10Z] SIG ░░░░░ 0/5  level= -121  constellation: visible
[22:08:14Z] SIG ░░░░░ 0/5  level= -124  constellation: visible
[22:08:32Z] SIG ░░░░░ 0/5  level= -124  constellation: not visible
[22:08:35Z] SIG ░░░░░ 0/5  level= -117  constellation: visible
[22:08:37Z] SIG ░░░░░ 0/5  level= -118  constellation: visible
[22:08:41Z] SIG ░░░░░ 0/5  level= -123  constellation: visible
[22:08:46Z] SIG ░░░░░ 0/5  level= -124  constellation: visible
[22:08:50Z] SIG ░░░░░ 0/5  level= -125  constellation: visible
[22:09:00Z] SIG ░░░░░ 0/5  level= -117  constellation: visible
[22:09:01Z] SIG █░░░░ 1/5  level= -117  constellation: visible
[22:09:04Z] SIG █░░░░ 1/5  level= -118  constellation: visible
[22:09:06Z] SIG ░░░░░ 0/5  level= -118  constellation: visible
[22:09:07Z] SIG ░░░░░ 0/5  level= -127  constellation: visible
[22:09:12Z] SIG ░░░░░ 0/5  level= -128  constellation: visible
[22:09:14Z] SIG ░░░░░ 0/5  level= -120  constellation: visible
[22:09:15Z] SIG ░░░░░ 0/5  level= -119  constellation: visible
[22:09:17Z] SIG ░░░░░ 0/5  level= -126  constellation: visible
[22:09:20Z] SIG ░░░░░ 0/5  level= -124  constellation: visible
[22:09:25Z] SIG ░░░░░ 0/5  level= -125  constellation: visible
[22:09:26Z] SIG ░░░░░ 0/5  level= -119  constellation: visible
[22:09:27Z] SIG █░░░░ 1/5  level= -119  constellation: visible
[22:09:28Z] SIG ░░░░░ 0/5  level= -119  constellation: visible
[22:09:30Z] SIG ░░░░░ 0/5  level= -120  constellation: visible
[22:09:34Z] SIG ░░░░░ 0/5  level= -125  constellation: visible
[22:09:55Z] SIG ░░░░░ 0/5  level= -126  constellation: visible
[22:10:12Z] SIG ░░░░░ 0/5  level= -126  constellation: not visible
[22:10:36Z] SIG ███░░ 3/5  level= -114  constellation: visible
[22:10:38Z] SIG ░░░░░ 0/5  level= -118  constellation: visible
[22:10:42Z] SIG ░░░░░ 0/5  level= -121  constellation: visible
[22:10:46Z] SIG ░░░░░ 0/5  level= -125  constellation: visible
[22:10:51Z] SIG █░░░░ 1/5  level= -118  constellation: visible
[22:10:54Z] SIG ███░░ 3/5  level= -113  constellation: visible
[22:10:55Z] SIG ██░░░ 2/5  level= -115  constellation: visible
[22:11:08Z] SIG ██░░░ 2/5  level= -114  constellation: visible
[22:11:13Z] SIG ██░░░ 2/5  level= -110  constellation: visible
[22:11:17Z] SIG ████░ 4/5  level= -108  constellation: visible
[22:11:26Z] SIG ███░░ 3/5  level= -110  constellation: visible
[22:11:30Z] SIG ██░░░ 2/5  level= -112  constellation: visible
[22:11:34Z] SIG ██░░░ 2/5  level= -110  constellation: visible
[22:11:39Z] SIG ████░ 4/5  level= -109  constellation: visible
[22:11:43Z] SIG ███░░ 3/5  level= -111  constellation: visible
[22:11:48Z] SIG ██░░░ 2/5  level= -114  constellation: visible
[22:11:51Z] SIG ░░░░░ 0/5  level= -118  constellation: visible
[22:11:55Z] SIG ░░░░░ 0/5  level= -123  constellation: visible
[22:11:56Z] SIG ████░ 4/5  level= -105  constellation: visible
[22:12:01Z] SIG █████ 5/5  level= -105  constellation: visible
[22:12:09Z] SIG █████ 5/5  level= -107  constellation: visible
[22:12:14Z] SIG ████░ 4/5  level= -106  constellation: visible
[22:12:18Z] SIG █████ 5/5  level= -106  constellation: visible
[22:12:23Z] SIG █████ 5/5  level= -104  constellation: visible
[22:12:27Z] SIG ████░ 4/5  level= -104  constellation: visible
[22:12:36Z] SIG █████ 5/5  level= -105  constellation: visible
[22:12:40Z] SIG █████ 5/5  level= -107  constellation: visible
[22:12:44Z] SIG ████░ 4/5  level= -109  constellation: visible
[22:12:49Z] SIG ███░░ 3/5  level= -112  constellation: visible
[22:12:53Z] SIG █░░░░ 1/5  level= -117  constellation: visible
[22:12:57Z] SIG █████ 5/5  level= -107  constellation: visible
